
> angular-finance@0.0.0 start /app/client
> ng serve --port 4200

❯ Building...
✔ Building...
Initial chunk files | Names                       |  Raw size
styles.css          | styles                      |  13.11 kB |
main.js             | main                        |  11.53 kB |
chunk-MDOYTXV7.js   | -                           |   5.01 kB |
chunk-6XIIVXC7.js   | -                           |   3.29 kB |
chunk-653SOEEV.js   | -                           |   1.51 kB |
chunk-EGFK46N3.js   | -                           | 766 bytes |

                    | Initial total               |  35.23 kB

Lazy chunk files    | Names                       |  Raw size
chunk-3OONGV6A.js   | transactions-page-component | 106.70 kB |
chunk-RRQUF5FF.js   | dashboard-component         |  84.92 kB |
chunk-U6F55XPP.js   | authenticated-template      |  58.62 kB |
chunk-KQQQWW7P.js   | register-component          |  33.31 kB |
chunk-UXKNFKXQ.js   | budget-page-component       |  29.61 kB |
chunk-E2DBCTMY.js   | login-component             |  13.83 kB |
chunk-3TEHUZC2.js   | unauthorized-component      |   3.41 kB |
chunk-46W3FJ7E.js   | -                           |   1.31 kB |
chunk-GZWYNUEM.js   | -                           | 302 bytes |

Application bundle generation complete. [8.643 seconds] - 2026-01-30T09:30:37.067Z

[33m▲ [43;33m[[43;30mWARNING[43;33m][0m [1mNG8113: SettingsDialogComponent is not used within the template of SidebarComponent[0m [1m[35m[plugin angular-compiler][0m

    src/app/core/layout/sidebar/sidebar.component.ts:39:4:
[37m      39 │     [32mSettingsDialogComponent[37m,
         ╵     [32m~~~~~~~~~~~~~~~~~~~~~~~[0m


[33m▲ [43;33m[[43;30mWARNING[43;33m][0m [1mNG8113: MatButton is not used within the template of BackgroundPicker[0m [1m[35m[plugin angular-compiler][0m

    src/app/features/settings/components/background-picker/background-picker.component.ts:10:21:
[37m      10 │   imports: [NgStyle, [32mMatAnchor[37m, MatMenuModule, MatMenuTrigger, Tra...
         ╵                      [32m~~~~~~~~~[0m


Watch mode enabled. Watching for file changes...
NOTE: Raw file sizes do not reflect development server per-request transformations.
  ➜  Local:   http://localhost:4200/
 ELIFECYCLE  Command failed with exit code 143.
