
> angular-finance@0.0.0 test /app/client
> ng test --watch=false --browsers=ChromeHeadless --include=src/app/features/transactions/components/transaction-list/transaction-list.component.spec.ts

❯ Building...
✔ Building...
Initial chunk files                                                                           | Names                                                                                      |  Raw size
chunk-5Y6FPEP3.js                                                                             | -                                                                                          |   2.42 MB |
spec-app-features-transactions-components-transaction-list-transaction-list.component.spec.js | spec-app-features-transactions-components-transaction-list-transaction-list.component.spec |   1.71 MB |
polyfills.js                                                                                  | polyfills                                                                                  | 999.21 kB |
jasmine-cleanup-1.js                                                                          | jasmine-cleanup-1                                                                          |  67.24 kB |
test_main.js                                                                                  | test_main                                                                                  |  22.38 kB |
styles.css                                                                                    | styles                                                                                     |  13.11 kB |
chunk-YFCGYO6H.js                                                                             | -                                                                                          |   6.24 kB |
jasmine-cleanup-0.js                                                                          | jasmine-cleanup-0                                                                          | 593 bytes |

                                                                                              | Initial total                                                                              |   5.24 MB

Application bundle generation complete. [9.537 seconds] - 2026-02-12T09:24:48.695Z

[32m12 02 2026 09:24:48.921:INFO [karma-server]: [39mKarma v6.4.4 server started at http://localhost:9876/
[32m12 02 2026 09:24:48.922:INFO [launcher]: [39mLaunching browsers ChromeHeadless with concurrency unlimited
[32m12 02 2026 09:24:48.927:INFO [launcher]: [39mStarting browser ChromeHeadless
[32m12 02 2026 09:24:49.384:INFO [Chrome Headless 144.0.0.0 (Linux 0.0.0)]: [39mConnected on socket okxNa9U8K4lXLH3lAAAB with id 4339099
Chrome Headless 144.0.0.0 (Linux 0.0.0): Executed 0 of 36[32m SUCCESS[39m (0 secs / 0 secs)
[1A[2KWARN: [36m'The 'allowSignalWrites' flag is deprecated and no longer impacts effect() (writes are always allowed)'[39m
Chrome Headless 144.0.0.0 (Linux 0.0.0): Executed 0 of 36[32m SUCCESS[39m (0 secs / 0 secs)
WARN: 'The 'allowSignalWrites' flag is deprecated and no longer impacts effect() (writes are always allowed)'
[1A[2KChrome Headless 144.0.0.0 (Linux 0.0.0): Executed 1 of 36[32m SUCCESS[39m (0 secs / 0.187 secs)
[1A[2KWARN: [36m'The 'allowSignalWrites' flag is deprecated and no longer impacts effect() (writes are always allowed)'[39m
Chrome Headless 144.0.0.0 (Linux 0.0.0): Executed 1 of 36[32m SUCCESS[39m (0 secs / 0.187 secs)
WARN: 'The 'allowSignalWrites' flag is deprecated and no longer impacts effect() (writes are always allowed)'
[1A[2KChrome Headless 144.0.0.0 (Linux 0.0.0): Executed 2 of 36[32m SUCCESS[39m (0 secs / 0.242 secs)
[1A[2KWARN: [36m'The 'allowSignalWrites' flag is deprecated and no longer impacts effect() (writes are always allowed)'[39m
Chrome Headless 144.0.0.0 (Linux 0.0.0): Executed 2 of 36[32m SUCCESS[39m (0 secs / 0.242 secs)
WARN: 'The 'allowSignalWrites' flag is deprecated and no longer impacts effect() (writes are always allowed)'
[1A[2KChrome Headless 144.0.0.0 (Linux 0.0.0): Executed 3 of 36[32m SUCCESS[39m (0 secs / 0.313 secs)
[1A[2KWARN: [36m'The 'allowSignalWrites' flag is deprecated and no longer impacts effect() (writes are always allowed)'[39m
Chrome Headless 144.0.0.0 (Linux 0.0.0): Executed 3 of 36[32m SUCCESS[39m (0 secs / 0.313 secs)
WARN: 'The 'allowSignalWrites' flag is deprecated and no longer impacts effect() (writes are always allowed)'
[1A[2KChrome Headless 144.0.0.0 (Linux 0.0.0): Executed 4 of 36[32m SUCCESS[39m (0 secs / 0.353 secs)
[1A[2KWARN: [36m'The 'allowSignalWrites' flag is deprecated and no longer impacts effect() (writes are always allowed)'[39m
Chrome Headless 144.0.0.0 (Linux 0.0.0): Executed 4 of 36[32m SUCCESS[39m (0 secs / 0.353 secs)
WARN: 'The 'allowSignalWrites' flag is deprecated and no longer impacts effect() (writes are always allowed)'
[1A[2KChrome Headless 144.0.0.0 (Linux 0.0.0): Executed 5 of 36[32m SUCCESS[39m (0 secs / 0.395 secs)
[1A[2KWARN: [36m'The 'allowSignalWrites' flag is deprecated and no longer impacts effect() (writes are always allowed)'[39m
Chrome Headless 144.0.0.0 (Linux 0.0.0): Executed 5 of 36[32m SUCCESS[39m (0 secs / 0.395 secs)
WARN: 'The 'allowSignalWrites' flag is deprecated and no longer impacts effect() (writes are always allowed)'
[1A[2KChrome Headless 144.0.0.0 (Linux 0.0.0): Executed 6 of 36[32m SUCCESS[39m (0 secs / 0.437 secs)
[1A[2KWARN: [36m'The 'allowSignalWrites' flag is deprecated and no longer impacts effect() (writes are always allowed)'[39m
Chrome Headless 144.0.0.0 (Linux 0.0.0): Executed 6 of 36[32m SUCCESS[39m (0 secs / 0.437 secs)
WARN: 'The 'allowSignalWrites' flag is deprecated and no longer impacts effect() (writes are always allowed)'
[1A[2K[31mChrome Headless 144.0.0.0 (Linux 0.0.0) TransactionListComponent Component Properties should have OnPush change detection strategy FAILED[39m
	Expected 'TransactionListComponent2' to be 'TransactionListComponent'.
	    at <Jasmine>
	    at UserContext.<anonymous> (src/app/features/transactions/components/transaction-list/transaction-list.component.spec.ts:407:64)
	    at _ZoneDelegate.invoke (node_modules/.pnpm/zone.js@0.15.1/node_modules/zone.js/fesm2015/zone.js:398:28)
	    at _ProxyZoneSpec.onInvoke (node_modules/.pnpm/zone.js@0.15.1/node_modules/zone.js/fesm2015/zone-testing.js:2132:39)
	    at _ZoneDelegate.invoke (node_modules/.pnpm/zone.js@0.15.1/node_modules/zone.js/fesm2015/zone.js:397:34)
Chrome Headless 144.0.0.0 (Linux 0.0.0): Executed 7 of 36[31m (1 FAILED)[39m (0 secs / 0.475 secs)
[1A[2KWARN: [36m'The 'allowSignalWrites' flag is deprecated and no longer impacts effect() (writes are always allowed)'[39m
Chrome Headless 144.0.0.0 (Linux 0.0.0): Executed 7 of 36[31m (1 FAILED)[39m (0 secs / 0.475 secs)
WARN: 'The 'allowSignalWrites' flag is deprecated and no longer impacts effect() (writes are always allowed)'
[1A[2KChrome Headless 144.0.0.0 (Linux 0.0.0): Executed 8 of 36[31m (1 FAILED)[39m (0 secs / 0.522 secs)
[1A[2KWARN: [36m'The 'allowSignalWrites' flag is deprecated and no longer impacts effect() (writes are always allowed)'[39m
Chrome Headless 144.0.0.0 (Linux 0.0.0): Executed 8 of 36[31m (1 FAILED)[39m (0 secs / 0.522 secs)
WARN: 'The 'allowSignalWrites' flag is deprecated and no longer impacts effect() (writes are always allowed)'
[1A[2K[31mChrome Headless 144.0.0.0 (Linux 0.0.0) TransactionListComponent Template Rendering should render type chip with correct color for expense FAILED[39m
	Expected null to be 'warn'.
	    at <Jasmine>
	    at UserContext.<anonymous> (src/app/features/transactions/components/transaction-list/transaction-list.component.spec.ts:197:78)
	    at _ZoneDelegate.invoke (node_modules/.pnpm/zone.js@0.15.1/node_modules/zone.js/fesm2015/zone.js:398:28)
	    at _ProxyZoneSpec.onInvoke (node_modules/.pnpm/zone.js@0.15.1/node_modules/zone.js/fesm2015/zone-testing.js:2132:39)
	    at _ZoneDelegate.invoke (node_modules/.pnpm/zone.js@0.15.1/node_modules/zone.js/fesm2015/zone.js:397:34)
Chrome Headless 144.0.0.0 (Linux 0.0.0): Executed 9 of 36[31m (2 FAILED)[39m (0 secs / 0.557 secs)
[1A[2KWARN: [36m'The 'allowSignalWrites' flag is deprecated and no longer impacts effect() (writes are always allowed)'[39m
Chrome Headless 144.0.0.0 (Linux 0.0.0): Executed 9 of 36[31m (2 FAILED)[39m (0 secs / 0.557 secs)
WARN: 'The 'allowSignalWrites' flag is deprecated and no longer impacts effect() (writes are always allowed)'
[1A[2KChrome Headless 144.0.0.0 (Linux 0.0.0): Executed 10 of 36[31m (2 FAILED)[39m (0 secs / 0.591 secs)
[1A[2KWARN: [36m'The 'allowSignalWrites' flag is deprecated and no longer impacts effect() (writes are always allowed)'[39m
Chrome Headless 144.0.0.0 (Linux 0.0.0): Executed 10 of 36[31m (2 FAILED)[39m (0 secs / 0.591 secs)
WARN: 'The 'allowSignalWrites' flag is deprecated and no longer impacts effect() (writes are always allowed)'
[1A[2K[31mChrome Headless 144.0.0.0 (Linux 0.0.0) TransactionListComponent Template Rendering should render type chip with correct color for income FAILED[39m
	Expected null to be 'primary'.
	    at <Jasmine>
	    at UserContext.<anonymous> (src/app/features/transactions/components/transaction-list/transaction-list.component.spec.ts:188:74)
	    at _ZoneDelegate.invoke (node_modules/.pnpm/zone.js@0.15.1/node_modules/zone.js/fesm2015/zone.js:398:28)
	    at _ProxyZoneSpec.onInvoke (node_modules/.pnpm/zone.js@0.15.1/node_modules/zone.js/fesm2015/zone-testing.js:2132:39)
	    at _ZoneDelegate.invoke (node_modules/.pnpm/zone.js@0.15.1/node_modules/zone.js/fesm2015/zone.js:397:34)
Chrome Headless 144.0.0.0 (Linux 0.0.0): Executed 11 of 36[31m (3 FAILED)[39m (0 secs / 0.621 secs)
[1A[2KWARN: [36m'The 'allowSignalWrites' flag is deprecated and no longer impacts effect() (writes are always allowed)'[39m
Chrome Headless 144.0.0.0 (Linux 0.0.0): Executed 11 of 36[31m (3 FAILED)[39m (0 secs / 0.621 secs)
WARN: 'The 'allowSignalWrites' flag is deprecated and no longer impacts effect() (writes are always allowed)'
[1A[2KChrome Headless 144.0.0.0 (Linux 0.0.0): Executed 12 of 36[31m (3 FAILED)[39m (0 secs / 0.651 secs)
[1A[2KWARN: [36m'The 'allowSignalWrites' flag is deprecated and no longer impacts effect() (writes are always allowed)'[39m
Chrome Headless 144.0.0.0 (Linux 0.0.0): Executed 12 of 36[31m (3 FAILED)[39m (0 secs / 0.651 secs)
WARN: 'The 'allowSignalWrites' flag is deprecated and no longer impacts effect() (writes are always allowed)'
[1A[2KChrome Headless 144.0.0.0 (Linux 0.0.0): Executed 13 of 36[31m (3 FAILED)[39m (0 secs / 0.682 secs)
[1A[2KWARN: [36m'The 'allowSignalWrites' flag is deprecated and no longer impacts effect() (writes are always allowed)'[39m
Chrome Headless 144.0.0.0 (Linux 0.0.0): Executed 13 of 36[31m (3 FAILED)[39m (0 secs / 0.682 secs)
WARN: 'The 'allowSignalWrites' flag is deprecated and no longer impacts effect() (writes are always allowed)'
[1A[2KChrome Headless 144.0.0.0 (Linux 0.0.0): Executed 14 of 36[31m (3 FAILED)[39m (0 secs / 0.71 secs)
[1A[2KWARN: [36m'The 'allowSignalWrites' flag is deprecated and no longer impacts effect() (writes are always allowed)'[39m
Chrome Headless 144.0.0.0 (Linux 0.0.0): Executed 14 of 36[31m (3 FAILED)[39m (0 secs / 0.71 secs)
WARN: 'The 'allowSignalWrites' flag is deprecated and no longer impacts effect() (writes are always allowed)'
[1A[2KChrome Headless 144.0.0.0 (Linux 0.0.0): Executed 15 of 36[31m (3 FAILED)[39m (0 secs / 0.745 secs)
[1A[2KWARN: [36m'The 'allowSignalWrites' flag is deprecated and no longer impacts effect() (writes are always allowed)'[39m
Chrome Headless 144.0.0.0 (Linux 0.0.0): Executed 15 of 36[31m (3 FAILED)[39m (0 secs / 0.745 secs)
WARN: 'The 'allowSignalWrites' flag is deprecated and no longer impacts effect() (writes are always allowed)'
[1A[2KChrome Headless 144.0.0.0 (Linux 0.0.0): Executed 16 of 36[31m (3 FAILED)[39m (0 secs / 0.773 secs)
[1A[2KWARN: [36m'The 'allowSignalWrites' flag is deprecated and no longer impacts effect() (writes are always allowed)'[39m
Chrome Headless 144.0.0.0 (Linux 0.0.0): Executed 16 of 36[31m (3 FAILED)[39m (0 secs / 0.773 secs)
WARN: 'The 'allowSignalWrites' flag is deprecated and no longer impacts effect() (writes are always allowed)'
[1A[2KChrome Headless 144.0.0.0 (Linux 0.0.0): Executed 17 of 36[31m (3 FAILED)[39m (0 secs / 0.8 secs)
[1A[2KWARN: [36m'The 'allowSignalWrites' flag is deprecated and no longer impacts effect() (writes are always allowed)'[39m
Chrome Headless 144.0.0.0 (Linux 0.0.0): Executed 17 of 36[31m (3 FAILED)[39m (0 secs / 0.8 secs)
WARN: 'The 'allowSignalWrites' flag is deprecated and no longer impacts effect() (writes are always allowed)'
[1A[2KChrome Headless 144.0.0.0 (Linux 0.0.0): Executed 18 of 36[31m (3 FAILED)[39m (0 secs / 0.827 secs)
[1A[2KWARN: [36m'The 'allowSignalWrites' flag is deprecated and no longer impacts effect() (writes are always allowed)'[39m
Chrome Headless 144.0.0.0 (Linux 0.0.0): Executed 18 of 36[31m (3 FAILED)[39m (0 secs / 0.827 secs)
WARN: 'The 'allowSignalWrites' flag is deprecated and no longer impacts effect() (writes are always allowed)'
[1A[2KChrome Headless 144.0.0.0 (Linux 0.0.0): Executed 19 of 36[31m (3 FAILED)[39m (0 secs / 0.854 secs)
[1A[2KWARN: [36m'The 'allowSignalWrites' flag is deprecated and no longer impacts effect() (writes are always allowed)'[39m
Chrome Headless 144.0.0.0 (Linux 0.0.0): Executed 19 of 36[31m (3 FAILED)[39m (0 secs / 0.854 secs)
WARN: 'The 'allowSignalWrites' flag is deprecated and no longer impacts effect() (writes are always allowed)'
[1A[2KChrome Headless 144.0.0.0 (Linux 0.0.0): Executed 20 of 36[31m (3 FAILED)[39m (0 secs / 0.884 secs)
[1A[2KWARN: [36m'The 'allowSignalWrites' flag is deprecated and no longer impacts effect() (writes are always allowed)'[39m
Chrome Headless 144.0.0.0 (Linux 0.0.0): Executed 20 of 36[31m (3 FAILED)[39m (0 secs / 0.884 secs)
WARN: 'The 'allowSignalWrites' flag is deprecated and no longer impacts effect() (writes are always allowed)'
[1A[2KChrome Headless 144.0.0.0 (Linux 0.0.0): Executed 21 of 36[31m (3 FAILED)[39m (0 secs / 0.919 secs)
[1A[2KWARN: [36m'The 'allowSignalWrites' flag is deprecated and no longer impacts effect() (writes are always allowed)'[39m
Chrome Headless 144.0.0.0 (Linux 0.0.0): Executed 21 of 36[31m (3 FAILED)[39m (0 secs / 0.919 secs)
WARN: 'The 'allowSignalWrites' flag is deprecated and no longer impacts effect() (writes are always allowed)'
[1A[2KChrome Headless 144.0.0.0 (Linux 0.0.0): Executed 22 of 36[31m (3 FAILED)[39m (0 secs / 0.945 secs)
[1A[2KWARN: [36m'The 'allowSignalWrites' flag is deprecated and no longer impacts effect() (writes are always allowed)'[39m
Chrome Headless 144.0.0.0 (Linux 0.0.0): Executed 22 of 36[31m (3 FAILED)[39m (0 secs / 0.945 secs)
WARN: 'The 'allowSignalWrites' flag is deprecated and no longer impacts effect() (writes are always allowed)'
[1A[2KChrome Headless 144.0.0.0 (Linux 0.0.0): Executed 23 of 36[31m (3 FAILED)[39m (0 secs / 0.972 secs)
[1A[2KWARN: [36m'The 'allowSignalWrites' flag is deprecated and no longer impacts effect() (writes are always allowed)'[39m
Chrome Headless 144.0.0.0 (Linux 0.0.0): Executed 23 of 36[31m (3 FAILED)[39m (0 secs / 0.972 secs)
WARN: 'The 'allowSignalWrites' flag is deprecated and no longer impacts effect() (writes are always allowed)'
[1A[2KChrome Headless 144.0.0.0 (Linux 0.0.0): Executed 24 of 36[31m (3 FAILED)[39m (0 secs / 0.999 secs)
[1A[2KWARN: [36m'The 'allowSignalWrites' flag is deprecated and no longer impacts effect() (writes are always allowed)'[39m
Chrome Headless 144.0.0.0 (Linux 0.0.0): Executed 24 of 36[31m (3 FAILED)[39m (0 secs / 0.999 secs)
WARN: 'The 'allowSignalWrites' flag is deprecated and no longer impacts effect() (writes are always allowed)'
[1A[2KChrome Headless 144.0.0.0 (Linux 0.0.0): Executed 25 of 36[31m (3 FAILED)[39m (0 secs / 1.025 secs)
[1A[2KWARN: [36m'The 'allowSignalWrites' flag is deprecated and no longer impacts effect() (writes are always allowed)'[39m
Chrome Headless 144.0.0.0 (Linux 0.0.0): Executed 25 of 36[31m (3 FAILED)[39m (0 secs / 1.025 secs)
WARN: 'The 'allowSignalWrites' flag is deprecated and no longer impacts effect() (writes are always allowed)'
[1A[2KChrome Headless 144.0.0.0 (Linux 0.0.0): Executed 26 of 36[31m (3 FAILED)[39m (0 secs / 1.051 secs)
[1A[2KWARN: [36m'The 'allowSignalWrites' flag is deprecated and no longer impacts effect() (writes are always allowed)'[39m
Chrome Headless 144.0.0.0 (Linux 0.0.0): Executed 26 of 36[31m (3 FAILED)[39m (0 secs / 1.051 secs)
WARN: 'The 'allowSignalWrites' flag is deprecated and no longer impacts effect() (writes are always allowed)'
[1A[2KChrome Headless 144.0.0.0 (Linux 0.0.0): Executed 27 of 36[31m (3 FAILED)[39m (0 secs / 1.085 secs)
[1A[2KWARN: [36m'The 'allowSignalWrites' flag is deprecated and no longer impacts effect() (writes are always allowed)'[39m
Chrome Headless 144.0.0.0 (Linux 0.0.0): Executed 27 of 36[31m (3 FAILED)[39m (0 secs / 1.085 secs)
WARN: 'The 'allowSignalWrites' flag is deprecated and no longer impacts effect() (writes are always allowed)'
[1A[2KChrome Headless 144.0.0.0 (Linux 0.0.0): Executed 28 of 36[31m (3 FAILED)[39m (0 secs / 1.111 secs)
[1A[2KWARN: [36m'The 'allowSignalWrites' flag is deprecated and no longer impacts effect() (writes are always allowed)'[39m
Chrome Headless 144.0.0.0 (Linux 0.0.0): Executed 28 of 36[31m (3 FAILED)[39m (0 secs / 1.111 secs)
WARN: 'The 'allowSignalWrites' flag is deprecated and no longer impacts effect() (writes are always allowed)'
[1A[2KChrome Headless 144.0.0.0 (Linux 0.0.0): Executed 29 of 36[31m (3 FAILED)[39m (0 secs / 1.14 secs)
[1A[2KWARN: [36m'The 'allowSignalWrites' flag is deprecated and no longer impacts effect() (writes are always allowed)'[39m
Chrome Headless 144.0.0.0 (Linux 0.0.0): Executed 29 of 36[31m (3 FAILED)[39m (0 secs / 1.14 secs)
WARN: 'The 'allowSignalWrites' flag is deprecated and no longer impacts effect() (writes are always allowed)'
[1A[2KChrome Headless 144.0.0.0 (Linux 0.0.0): Executed 30 of 36[31m (3 FAILED)[39m (0 secs / 1.168 secs)
[1A[2KWARN: [36m'The 'allowSignalWrites' flag is deprecated and no longer impacts effect() (writes are always allowed)'[39m
Chrome Headless 144.0.0.0 (Linux 0.0.0): Executed 30 of 36[31m (3 FAILED)[39m (0 secs / 1.168 secs)
WARN: 'The 'allowSignalWrites' flag is deprecated and no longer impacts effect() (writes are always allowed)'
[1A[2KChrome Headless 144.0.0.0 (Linux 0.0.0): Executed 31 of 36[31m (3 FAILED)[39m (0 secs / 1.194 secs)
[1A[2KWARN: [36m'The 'allowSignalWrites' flag is deprecated and no longer impacts effect() (writes are always allowed)'[39m
Chrome Headless 144.0.0.0 (Linux 0.0.0): Executed 31 of 36[31m (3 FAILED)[39m (0 secs / 1.194 secs)
WARN: 'The 'allowSignalWrites' flag is deprecated and no longer impacts effect() (writes are always allowed)'
[1A[2K[31mChrome Headless 144.0.0.0 (Linux 0.0.0) TransactionListComponent Sorting should apply sort column and direction to table FAILED[39m
	Expected null to be 'date'.
	    at <Jasmine>
	    at UserContext.<anonymous> (src/app/features/transactions/components/transaction-list/transaction-list.component.spec.ts:212:84)
	    at _ZoneDelegate.invoke (node_modules/.pnpm/zone.js@0.15.1/node_modules/zone.js/fesm2015/zone.js:398:28)
	    at _ProxyZoneSpec.onInvoke (node_modules/.pnpm/zone.js@0.15.1/node_modules/zone.js/fesm2015/zone-testing.js:2132:39)
	    at _ZoneDelegate.invoke (node_modules/.pnpm/zone.js@0.15.1/node_modules/zone.js/fesm2015/zone.js:397:34)
	Expected null to be 'desc'.
	    at <Jasmine>
	    at UserContext.<anonymous> (src/app/features/transactions/components/transaction-list/transaction-list.component.spec.ts:213:87)
	    at _ZoneDelegate.invoke (node_modules/.pnpm/zone.js@0.15.1/node_modules/zone.js/fesm2015/zone.js:398:28)
	    at _ProxyZoneSpec.onInvoke (node_modules/.pnpm/zone.js@0.15.1/node_modules/zone.js/fesm2015/zone-testing.js:2132:39)
	    at _ZoneDelegate.invoke (node_modules/.pnpm/zone.js@0.15.1/node_modules/zone.js/fesm2015/zone.js:397:34)
Chrome Headless 144.0.0.0 (Linux 0.0.0): Executed 32 of 36[31m (4 FAILED)[39m (0 secs / 1.221 secs)
[1A[2KWARN: [36m'The 'allowSignalWrites' flag is deprecated and no longer impacts effect() (writes are always allowed)'[39m
Chrome Headless 144.0.0.0 (Linux 0.0.0): Executed 32 of 36[31m (4 FAILED)[39m (0 secs / 1.221 secs)
WARN: 'The 'allowSignalWrites' flag is deprecated and no longer impacts effect() (writes are always allowed)'
[1A[2KChrome Headless 144.0.0.0 (Linux 0.0.0): Executed 33 of 36[31m (4 FAILED)[39m (0 secs / 1.251 secs)
[1A[2KWARN: [36m'The 'allowSignalWrites' flag is deprecated and no longer impacts effect() (writes are always allowed)'[39m
Chrome Headless 144.0.0.0 (Linux 0.0.0): Executed 33 of 36[31m (4 FAILED)[39m (0 secs / 1.251 secs)
WARN: 'The 'allowSignalWrites' flag is deprecated and no longer impacts effect() (writes are always allowed)'
[1A[2K[31mChrome Headless 144.0.0.0 (Linux 0.0.0) TransactionListComponent Sorting should update sort when input changes FAILED[39m
	Expected null to be 'amount'.
	    at <Jasmine>
	    at UserContext.<anonymous> (src/app/features/transactions/components/transaction-list/transaction-list.component.spec.ts:254:84)
	    at _ZoneDelegate.invoke (node_modules/.pnpm/zone.js@0.15.1/node_modules/zone.js/fesm2015/zone.js:398:28)
	    at _ProxyZoneSpec.onInvoke (node_modules/.pnpm/zone.js@0.15.1/node_modules/zone.js/fesm2015/zone-testing.js:2132:39)
	    at _ZoneDelegate.invoke (node_modules/.pnpm/zone.js@0.15.1/node_modules/zone.js/fesm2015/zone.js:397:34)
	Expected null to be 'asc'.
	    at <Jasmine>
	    at UserContext.<anonymous> (src/app/features/transactions/components/transaction-list/transaction-list.component.spec.ts:255:87)
	    at _ZoneDelegate.invoke (node_modules/.pnpm/zone.js@0.15.1/node_modules/zone.js/fesm2015/zone.js:398:28)
	    at _ProxyZoneSpec.onInvoke (node_modules/.pnpm/zone.js@0.15.1/node_modules/zone.js/fesm2015/zone-testing.js:2132:39)
	    at _ZoneDelegate.invoke (node_modules/.pnpm/zone.js@0.15.1/node_modules/zone.js/fesm2015/zone.js:397:34)
Chrome Headless 144.0.0.0 (Linux 0.0.0): Executed 34 of 36[31m (5 FAILED)[39m (0 secs / 1.28 secs)
[1A[2KWARN: [36m'The 'allowSignalWrites' flag is deprecated and no longer impacts effect() (writes are always allowed)'[39m
Chrome Headless 144.0.0.0 (Linux 0.0.0): Executed 34 of 36[31m (5 FAILED)[39m (0 secs / 1.28 secs)
WARN: 'The 'allowSignalWrites' flag is deprecated and no longer impacts effect() (writes are always allowed)'
[1A[2KChrome Headless 144.0.0.0 (Linux 0.0.0): Executed 35 of 36[31m (5 FAILED)[39m (0 secs / 1.305 secs)
[1A[2KWARN: [36m'The 'allowSignalWrites' flag is deprecated and no longer impacts effect() (writes are always allowed)'[39m
Chrome Headless 144.0.0.0 (Linux 0.0.0): Executed 35 of 36[31m (5 FAILED)[39m (0 secs / 1.305 secs)
WARN: 'The 'allowSignalWrites' flag is deprecated and no longer impacts effect() (writes are always allowed)'
[1A[2KChrome Headless 144.0.0.0 (Linux 0.0.0): Executed 36 of 36[31m (5 FAILED)[39m (0 secs / 1.33 secs)
[1A[2KChrome Headless 144.0.0.0 (Linux 0.0.0): Executed 36 of 36[31m (5 FAILED)[39m (1.405 secs / 1.33 secs)
[31mTOTAL: 5 FAILED, 31 SUCCESS[39m
 ELIFECYCLE  Test failed. See above for more details.
